---
source: src/svc/race_node.rs
expression: "RaceNodeMessage::try_from(data).unwrap()"
---
GateBeacon(
    GateBeacon {
        addr: NodeAddress(
            1,
        ),
        state: Active,
        last_activation_time: Some(
            CoordinatedInstant(
                12345,
            ),
        ),
    },
)
